../Core/Src/main.c:84:6:generate_sin	48	static
../Core/Src/main.c:94:6:HAL_TIM_PeriodElapsedCallback	16	static
../Core/Src/main.c:102:6:handle_invalid_command	8	static
../Core/Src/main.c:107:6:handle_command	32	static
../Core/Src/main.c:122:6:HAL_UART_RxCpltCallback	32	static
../Core/Src/main.c:142:5:main	8	static
../Core/Src/main.c:192:6:SystemClock_Config	88	static
../Core/Src/main.c:239:13:MX_DAC_Init	16	static
../Core/Src/main.c:279:13:MX_TIM6_Init	16	static
../Core/Src/main.c:317:13:MX_USART2_UART_Init	8	static
../Core/Src/main.c:350:13:MX_GPIO_Init	16	static
../Core/Src/main.c:367:6:Error_Handler	4	static,ignoring_inline_asm
