../Core/Src/main.c:83:6:generate_sin	40	static
../Core/Src/main.c:93:6:HAL_TIM_PeriodElapsedCallback	16	static
../Core/Src/main.c:101:6:handle_invalid_command	8	static
../Core/Src/main.c:106:6:handle_command	24	static
../Core/Src/main.c:121:6:HAL_UART_RxCpltCallback	32	static
../Core/Src/main.c:141:5:main	8	static
../Core/Src/main.c:194:6:SystemClock_Config	88	static
../Core/Src/main.c:241:13:MX_DAC_Init	16	static
../Core/Src/main.c:281:13:MX_TIM6_Init	16	static
../Core/Src/main.c:319:13:MX_USART2_UART_Init	8	static
../Core/Src/main.c:352:13:MX_GPIO_Init	16	static
../Core/Src/main.c:369:6:Error_Handler	4	static,ignoring_inline_asm
