../Core/Src/main.c:100:5:main	8	static
../Core/Src/main.c:151:6:SystemClock_Config	88	static
../Core/Src/main.c:198:13:MX_TIM2_Init	56	static
../Core/Src/main.c:247:13:MX_TIM3_Init	64	static
../Core/Src/main.c:306:13:MX_TIM4_Init	56	static
../Core/Src/main.c:355:13:MX_TIM6_Init	16	static
../Core/Src/main.c:393:13:MX_USART2_UART_Init	8	static
../Core/Src/main.c:426:13:MX_GPIO_Init	40	static
../Core/Src/main.c:448:6:send_telemetry	24	static
../Core/Src/main.c:462:5:constrain	24	static
../Core/Src/main.c:469:6:HAL_TIM_PeriodElapsedCallback	16	static
../Core/Src/main.c:502:6:Error_Handler	4	static,ignoring_inline_asm
