../Core/Src/main.c:96:5:main	8	static
../Core/Src/main.c:144:6:SystemClock_Config	88	static
../Core/Src/main.c:198:13:MX_SPI2_Init	8	static
../Core/Src/main.c:236:13:MX_TIM1_Init	32	static
../Core/Src/main.c:282:13:MX_USART2_UART_Init	8	static
../Core/Src/main.c:313:13:MX_DMA_Init	16	static
../Core/Src/main.c:331:13:MX_GPIO_Init	40	static
../Core/Src/main.c:353:6:send_next_digit	16	static
../Core/Src/main.c:369:6:HAL_UART_RxCpltCallback	24	static
../Core/Src/main.c:379:6:HAL_SPI_TxCpltCallback	16	static
../Core/Src/main.c:392:6:HAL_TIM_PeriodElapsedCallback	16	static
../Core/Src/main.c:403:6:Error_Handler	4	static,ignoring_inline_asm
