../Core/Src/main.c:95:5:main	8	static
../Core/Src/main.c:143:6:SystemClock_Config	88	static
../Core/Src/main.c:197:13:MX_SPI2_Init	8	static
../Core/Src/main.c:235:13:MX_TIM1_Init	32	static
../Core/Src/main.c:281:13:MX_USART2_UART_Init	8	static
../Core/Src/main.c:312:13:MX_DMA_Init	16	static
../Core/Src/main.c:330:13:MX_GPIO_Init	40	static
../Core/Src/main.c:352:6:send_next_digit	16	static
../Core/Src/main.c:368:6:HAL_UART_RxCpltCallback	24	static
../Core/Src/main.c:378:6:HAL_SPI_TxCpltCallback	16	static
../Core/Src/main.c:391:6:HAL_TIM_PeriodElapsedCallback	16	static
../Core/Src/main.c:402:6:Error_Handler	4	static,ignoring_inline_asm
