../Core/Src/main.c:96:6:generate_sin	40	static
../Core/Src/main.c:106:6:handle_invalid_command	8	static
../Core/Src/main.c:111:6:handle_command	24	static
../Core/Src/main.c:126:6:HAL_ADC_ConvCpltCallback	16	static
../Core/Src/main.c:136:6:HAL_TIM_PeriodElapsedCallback	24	static
../Core/Src/main.c:147:6:HAL_UART_RxCpltCallback	32	static
../Core/Src/main.c:167:5:main	8	static
../Core/Src/main.c:226:6:SystemClock_Config	88	static
../Core/Src/main.c:273:13:MX_ADC1_Init	24	static
../Core/Src/main.c:325:13:MX_DAC_Init	16	static
../Core/Src/main.c:365:13:MX_TIM6_Init	16	static
../Core/Src/main.c:403:13:MX_USART2_UART_Init	8	static
../Core/Src/main.c:434:13:MX_DMA_Init	16	static
../Core/Src/main.c:452:13:MX_GPIO_Init	24	static
../Core/Src/main.c:470:6:Error_Handler	4	static,ignoring_inline_asm
