../Core/Src/main.c:96:6:generate_sin	40	static
../Core/Src/main.c:106:6:handle_invalid_command	8	static
../Core/Src/main.c:111:6:handle_command	24	static
../Core/Src/main.c:126:6:HAL_ADC_ConvCpltCallback	24	static
../Core/Src/main.c:136:6:HAL_TIM_PeriodElapsedCallback	24	static
../Core/Src/main.c:147:6:HAL_UART_RxCpltCallback	32	static
../Core/Src/main.c:167:5:main	8	static
../Core/Src/main.c:223:6:SystemClock_Config	88	static
../Core/Src/main.c:270:13:MX_ADC1_Init	24	static
../Core/Src/main.c:322:13:MX_DAC_Init	16	static
../Core/Src/main.c:362:13:MX_TIM6_Init	16	static
../Core/Src/main.c:400:13:MX_USART2_UART_Init	8	static
../Core/Src/main.c:431:13:MX_DMA_Init	16	static
../Core/Src/main.c:449:13:MX_GPIO_Init	24	static
../Core/Src/main.c:467:6:Error_Handler	4	static,ignoring_inline_asm
