../Core/Src/main.c:98:5:main	8	static
../Core/Src/main.c:147:6:SystemClock_Config	88	static
../Core/Src/main.c:194:13:MX_ADC1_Init	24	static
../Core/Src/main.c:255:13:MX_TIM2_Init	64	static
../Core/Src/main.c:314:13:MX_TIM6_Init	16	static
../Core/Src/main.c:352:13:MX_USART2_UART_Init	8	static
../Core/Src/main.c:383:13:MX_DMA_Init	16	static
../Core/Src/main.c:401:13:MX_GPIO_Init	48	static
../Core/Src/main.c:424:6:send_telemetry	24	static
../Core/Src/main.c:438:7:constrain	24	static
../Core/Src/main.c:445:5:computePID	40	static
../Core/Src/main.c:455:6:HAL_TIM_PeriodElapsedCallback	16	static
../Core/Src/main.c:482:6:Error_Handler	4	static,ignoring_inline_asm
