17:21:30 **** Incremental Build of configuration Debug for project Lab_2 ****
make -j16 all 
arm-none-eabi-gcc "../Core/Src/main.c" -mcpu=cortex-m4 -std=gnu11 -g3 -DDEBUG -DUSE_HAL_DRIVER -DSTM32F446xx -c -I../Core/Inc -I../Drivers/STM32F4xx_HAL_Driver/Inc -I../Drivers/STM32F4xx_HAL_Driver/Inc/Legacy -I../Drivers/CMSIS/Device/ST/STM32F4xx/Include -I../Drivers/CMSIS/Include -O0 -ffunction-sections -fdata-sections -Wall -fstack-usage -MMD -MP -MF"Core/Src/main.d" -MT"Core/Src/main.o" --specs=nano.specs -mfpu=fpv4-sp-d16 -mfloat-abi=hard -mthumb -o "Core/Src/main.o"
arm-none-eabi-gcc -o "Lab_2.elf" @"objects.list"   -mcpu=cortex-m4 -T"C:\Users\alexe\STM32CubeIDE\workspace_1.9.0\Lab_2\STM32F446RETX_FLASH.ld" --specs=nosys.specs -Wl,-Map="Lab_2.map" -Wl,--gc-sections -static --specs=nano.specs -mfpu=fpv4-sp-d16 -mfloat-abi=hard -mthumb -Wl,--start-group -lc -lm -Wl,--end-group
Finished building target: Lab_2.elf
 
arm-none-eabi-size   Lab_2.elf 
arm-none-eabi-objdump -h -S  Lab_2.elf  > "Lab_2.list"
   text	   data	    bss	    dec	    hex	filename
  12376	     36	   1652	  14064	   36f0	Lab_2.elf
Finished building: default.size.stdout
 
Finished building: Lab_2.list
 

17:21:31 Build Finished. 0 errors, 0 warnings. (took 804ms)

